photo@Niki_X MINGW64 ~
$ vagrant global-status
==> vagrant: A new version of Vagrant is available: 2.4.1 (installed version: 2.3.7)!
==> vagrant: To upgrade visit: https://www.vagrantup.com/downloads.html

id       name   provider state  directory
--------------------------------------------------------------------
There are no active Vagrant environments on this computer! Or,
you haven't destroyed and recreated Vagrant environments that were
started with an older version of Vagrant.

photo@Niki_X MINGW64 ~
$ mkdir /c/vagrant-vms/finance
mkdir: cannot create directory ‘/c/vagrant-vms/finance’: No such file or directory

photo@Niki_X MINGW64 ~
$ mkdir /C/vagrant-vms/finance
mkdir: cannot create directory ‘/C/vagrant-vms/finance’: No such file or directory

photo@Niki_X MINGW64 ~
$ mkdir -p /c/vagrant-vms/finance

photo@Niki_X MINGW64 ~
$ cd /c/vagrant-vms/finance/

photo@Niki_X MINGW64 /c/vagrant-vms/finance
$ vagrant box list
eurolinux-vagrant/centos-stream-9 (virtualbox, 9.0.45)
ubuntu/jammy64                    (virtualbox, 20240823.0.1)

photo@Niki_X MINGW64 /c/vagrant-vms/finance
$ vagrant init eurolinux-vagrant/centos-stream-9
A `Vagrantfile` has been placed in this directory. You are now
ready to `vagrant up` your first virtual environment! Please read
the comments in the Vagrantfile as well as documentation on
`vagrantup.com` for more information on using Vagrant.

photo@Niki_X MINGW64 /c/vagrant-vms/finance
$ vim Vagrantfile

photo@Niki_X MINGW64 /c/vagrant-vms/finance
$ vagrant up
Bringing machine 'default' up with 'virtualbox' provider...
==> default: Importing base box 'eurolinux-vagrant/centos-stream-9'...
==> default: Matching MAC address for NAT networking...
==> default: Checking if box 'eurolinux-vagrant/centos-stream-9' version '9.0.45' is up to date...
==> default: A newer version of the box 'eurolinux-vagrant/centos-stream-9' for provider 'virtualbox' is
==> default: available! You currently have version '9.0.45'. The latest is version
==> default: '9.0.47'. Run `vagrant box update` to update.
==> default: Setting the name of the VM: finance_default_1726735046335_20965
==> default: Clearing any previously set network interfaces...
==> default: Preparing network interfaces based on configuration...
    default: Adapter 1: nat
    default: Adapter 2: hostonly
    default: Adapter 3: bridged
==> default: Forwarding ports...
    default: 22 (guest) => 2222 (host) (adapter 1)
==> default: Running 'pre-boot' VM customizations...
==> default: Booting VM...
==> default: Waiting for machine to boot. This may take a few minutes...
    default: SSH address: 127.0.0.1:2222
    default: SSH username: vagrant
    default: SSH auth method: private key
    default:
    default: Vagrant insecure key detected. Vagrant will automatically replace
    default: this with a newly generated keypair for better security.
    default:
    default: Inserting generated public key within guest...
    default: Removing insecure key from the guest if it's present...
    default: Key inserted! Disconnecting and reconnecting using new SSH key...
==> default: Machine booted and ready!
==> default: Checking for guest additions in VM...
    default: No guest additions were detected on the base box for this VM! Guest
    default: additions are required for forwarded ports, shared folders, host only
    default: networking, and more. If SSH fails on this machine, please install
    default: the guest additions and repackage the box to continue.
    default:
    default: This is not an error message; everything may continue to work properly,
    default: in which case you may ignore this message.
==> default: Configuring and enabling network interfaces...
==> default: Rsyncing folder: /cygdrive/c/vagrant-vms/finance/ => /vagrant

photo@Niki_X MINGW64 /c/vagrant-vms/finance
$ vagrant ssh
This box was generated by EuroLinux

Any suggestions are welcome at https://github.com/EuroLinux/cloud-images-rfc/

Happy using.
To delete this message use:
echo '' > /etc/motd
[vagrant@localhost ~]$ sudo -i
[root@localhost ~]# vi /etc/hostname
[root@localhost ~]# hostname finance
[root@localhost ~]# exit
logout
[vagrant@localhost ~]$ exit
logout

photo@Niki_X MINGW64 /c/vagrant-vms/finance
$ vagrant ssh
This box was generated by EuroLinux

Any suggestions are welcome at https://github.com/EuroLinux/cloud-images-rfc/

Happy using.
To delete this message use:
echo '' > /etc/motd
Last login: Thu Sep 19 08:38:51 2024 from 10.0.2.2
[vagrant@finance ~]$ sudo -i
[root@finance ~]# cat /etc/os-release
NAME="CentOS Stream"
VERSION="9"
ID="centos"
ID_LIKE="rhel fedora"
VERSION_ID="9"
PLATFORM_ID="platform:el9"
PRETTY_NAME="CentOS Stream 9"
ANSI_COLOR="0;31"
LOGO="fedora-logo-icon"
CPE_NAME="cpe:/o:centos:centos:9"
HOME_URL="https://centos.org/"
BUG_REPORT_URL="https://issues.redhat.com/"
REDHAT_SUPPORT_PRODUCT="Red Hat Enterprise Linux 9"
REDHAT_SUPPORT_PRODUCT_VERSION="CentOS Stream"
[root@finance ~]#
[root@finance ~]# yum install httpd wget vim unzip zip -y
CentOS Stream 9 - BaseOS                                             1.5 MB/s | 8.3 MB     00:05
CentOS Stream 9 - AppStream                                          3.4 MB/s |  20 MB     00:06
CentOS Stream 9 - Extras packages                                    3.3 kB/s |  19 kB     00:05
Last metadata expiration check: 0:00:01 ago on Thu 19 Sep 2024 08:51:44 AM UTC.
Package wget-1.21.1-7.el9.x86_64 is already installed.
Package vim-enhanced-2:8.2.2637-20.el9.x86_64 is already installed.
Package unzip-6.0-56.el9.x86_64 is already installed.
Package zip-3.0-35.el9.x86_64 is already installed.
Dependencies resolved.
=====================================================================================================
 Package                      Architecture     Version                     Repository           Size
=====================================================================================================
Installing:
 httpd                        x86_64           2.4.62-1.el9                appstream            47 k
Upgrading:
 unzip                        x86_64           6.0-57.el9                  baseos              182 k
 vim-common                   x86_64           2:8.2.2637-21.el9           appstream           7.0 M
 vim-enhanced                 x86_64           2:8.2.2637-21.el9           appstream           1.7 M
 wget                         x86_64           1.21.1-8.el9                appstream           784 k
Installing dependencies:
 apr                          x86_64           1.7.0-12.el9                appstream           123 k
 apr-util                     x86_64           1.6.1-23.el9                appstream            95 k
 apr-util-bdb                 x86_64           1.6.1-23.el9                appstream            13 k
 centos-logos-httpd           noarch           90.8-1.el9                  appstream           1.5 M
 httpd-core                   x86_64           2.4.62-1.el9                appstream           1.5 M
 httpd-filesystem             noarch           2.4.62-1.el9                appstream            13 k
 httpd-tools                  x86_64           2.4.62-1.el9                appstream            82 k
Installing weak dependencies:
 apr-util-openssl             x86_64           1.6.1-23.el9                appstream            15 k
 mod_http2                    x86_64           2.0.26-2.el9                appstream           163 k
 mod_lua                      x86_64           2.4.62-1.el9                appstream            59 k

Transaction Summary
=====================================================================================================
Install  11 Packages
Upgrade   4 Packages

Total download size: 13 M
Downloading Packages:
(1/15): apr-util-bdb-1.6.1-23.el9.x86_64.rpm                          51 kB/s |  13 kB     00:00
(2/15): apr-util-1.6.1-23.el9.x86_64.rpm                             309 kB/s |  95 kB     00:00
(3/15): apr-1.7.0-12.el9.x86_64.rpm                                  387 kB/s | 123 kB     00:00
(4/15): apr-util-openssl-1.6.1-23.el9.x86_64.rpm                     160 kB/s |  15 kB     00:00
(5/15): httpd-2.4.62-1.el9.x86_64.rpm                                236 kB/s |  47 kB     00:00
(6/15): centos-logos-httpd-90.8-1.el9.noarch.rpm                     2.9 MB/s | 1.5 MB     00:00
(7/15): httpd-core-2.4.62-1.el9.x86_64.rpm                           2.1 MB/s | 1.5 MB     00:00
(8/15): httpd-filesystem-2.4.62-1.el9.noarch.rpm                      21 kB/s |  13 kB     00:00
(9/15): httpd-tools-2.4.62-1.el9.x86_64.rpm                          273 kB/s |  82 kB     00:00
(10/15): mod_http2-2.0.26-2.el9.x86_64.rpm                           1.1 MB/s | 163 kB     00:00
(11/15): mod_lua-2.4.62-1.el9.x86_64.rpm                             389 kB/s |  59 kB     00:00
(12/15): unzip-6.0-57.el9.x86_64.rpm                                 488 kB/s | 182 kB     00:00
(13/15): wget-1.21.1-8.el9.x86_64.rpm                                463 kB/s | 784 kB     00:01
(14/15): vim-enhanced-8.2.2637-21.el9.x86_64.rpm                     854 kB/s | 1.7 MB     00:02
(15/15): vim-common-8.2.2637-21.el9.x86_64.rpm                       3.0 MB/s | 7.0 MB     00:02
-----------------------------------------------------------------------------------------------------
Total                                                                3.3 MB/s |  13 MB     00:04
Running transaction check
Transaction check succeeded.
Running transaction test
Transaction test succeeded.
Running transaction
  Preparing        :                                                                             1/1
  Installing       : apr-1.7.0-12.el9.x86_64                                                    1/19
  Installing       : apr-util-bdb-1.6.1-23.el9.x86_64                                           2/19
  Installing       : apr-util-openssl-1.6.1-23.el9.x86_64                                       3/19
  Installing       : apr-util-1.6.1-23.el9.x86_64                                               4/19
  Installing       : httpd-tools-2.4.62-1.el9.x86_64                                            5/19
  Upgrading        : vim-common-2:8.2.2637-21.el9.x86_64                                        6/19
  Running scriptlet: httpd-filesystem-2.4.62-1.el9.noarch                                       7/19
  Installing       : httpd-filesystem-2.4.62-1.el9.noarch                                       7/19
  Installing       : httpd-core-2.4.62-1.el9.x86_64                                             8/19
  Installing       : mod_lua-2.4.62-1.el9.x86_64                                                9/19
  Installing       : centos-logos-httpd-90.8-1.el9.noarch                                      10/19
  Installing       : mod_http2-2.0.26-2.el9.x86_64                                             11/19
  Installing       : httpd-2.4.62-1.el9.x86_64                                                 12/19
  Running scriptlet: httpd-2.4.62-1.el9.x86_64                                                 12/19
  Upgrading        : vim-enhanced-2:8.2.2637-21.el9.x86_64                                     13/19
  Upgrading        : wget-1.21.1-8.el9.x86_64                                                  14/19
  Upgrading        : unzip-6.0-57.el9.x86_64                                                   15/19
  Cleanup          : vim-enhanced-2:8.2.2637-20.el9.x86_64                                     16/19
  Cleanup          : vim-common-2:8.2.2637-20.el9.x86_64                                       17/19
  Cleanup          : wget-1.21.1-7.el9.x86_64                                                  18/19
  Cleanup          : unzip-6.0-56.el9.x86_64                                                   19/19
  Running scriptlet: httpd-2.4.62-1.el9.x86_64                                                 19/19
  Running scriptlet: unzip-6.0-56.el9.x86_64                                                   19/19
  Verifying        : apr-1.7.0-12.el9.x86_64                                                    1/19
  Verifying        : apr-util-1.6.1-23.el9.x86_64                                               2/19
  Verifying        : apr-util-bdb-1.6.1-23.el9.x86_64                                           3/19
  Verifying        : apr-util-openssl-1.6.1-23.el9.x86_64                                       4/19
  Verifying        : centos-logos-httpd-90.8-1.el9.noarch                                       5/19
  Verifying        : httpd-2.4.62-1.el9.x86_64                                                  6/19
  Verifying        : httpd-core-2.4.62-1.el9.x86_64                                             7/19
  Verifying        : httpd-filesystem-2.4.62-1.el9.noarch                                       8/19
  Verifying        : httpd-tools-2.4.62-1.el9.x86_64                                            9/19
  Verifying        : mod_http2-2.0.26-2.el9.x86_64                                             10/19
  Verifying        : mod_lua-2.4.62-1.el9.x86_64                                               11/19
  Verifying        : unzip-6.0-57.el9.x86_64                                                   12/19
  Verifying        : unzip-6.0-56.el9.x86_64                                                   13/19
  Verifying        : vim-common-2:8.2.2637-21.el9.x86_64                                       14/19
  Verifying        : vim-common-2:8.2.2637-20.el9.x86_64                                       15/19
  Verifying        : vim-enhanced-2:8.2.2637-21.el9.x86_64                                     16/19
  Verifying        : vim-enhanced-2:8.2.2637-20.el9.x86_64                                     17/19
  Verifying        : wget-1.21.1-8.el9.x86_64                                                  18/19
  Verifying        : wget-1.21.1-7.el9.x86_64                                                  19/19

Upgraded:
  unzip-6.0-57.el9.x86_64  vim-common-2:8.2.2637-21.el9.x86_64 vim-enhanced-2:8.2.2637-21.el9.x86_64
  wget-1.21.1-8.el9.x86_64
Installed:
  apr-1.7.0-12.el9.x86_64                           apr-util-1.6.1-23.el9.x86_64
  apr-util-bdb-1.6.1-23.el9.x86_64                  apr-util-openssl-1.6.1-23.el9.x86_64
  centos-logos-httpd-90.8-1.el9.noarch              httpd-2.4.62-1.el9.x86_64
  httpd-core-2.4.62-1.el9.x86_64                    httpd-filesystem-2.4.62-1.el9.noarch
  httpd-tools-2.4.62-1.el9.x86_64                   mod_http2-2.0.26-2.el9.x86_64
  mod_lua-2.4.62-1.el9.x86_64

Complete!
[root@finance ~]# systemctl start httpd
[root@finance ~]# systemctl enable httpd
Created symlink /etc/systemd/system/multi-user.target.wants/httpd.service → /usr/lib/systemd/system/httpd.service.
[root@finance ~]# ip addr show
1: lo: <LOOPBACK,UP,LOWER_UP> mtu 65536 qdisc noqueue state UNKNOWN group default qlen 1000
    link/loopback 00:00:00:00:00:00 brd 00:00:00:00:00:00
    inet 127.0.0.1/8 scope host lo
       valid_lft forever preferred_lft forever
    inet6 ::1/128 scope host
       valid_lft forever preferred_lft forever
2: enp0s3: <BROADCAST,MULTICAST,UP,LOWER_UP> mtu 1500 qdisc fq_codel state UP group default qlen 1000
    link/ether 08:00:27:90:0d:24 brd ff:ff:ff:ff:ff:ff
    inet 10.0.2.15/24 brd 10.0.2.255 scope global dynamic noprefixroute enp0s3
       valid_lft 85326sec preferred_lft 85326sec
    inet6 fe80::a00:27ff:fe90:d24/64 scope link noprefixroute
       valid_lft forever preferred_lft forever
3: enp0s8: <BROADCAST,MULTICAST,UP,LOWER_UP> mtu 1500 qdisc fq_codel state UP group default qlen 1000
    link/ether 08:00:27:a2:a3:30 brd ff:ff:ff:ff:ff:ff
    inet 192.168.56.22/24 brd 192.168.56.255 scope global noprefixroute enp0s8
       valid_lft forever preferred_lft forever
    inet6 fe80::a00:27ff:fea2:a330/64 scope link
       valid_lft forever preferred_lft forever
4: enp0s9: <BROADCAST,MULTICAST,UP,LOWER_UP> mtu 1500 qdisc fq_codel state UP group default qlen 1000
    link/ether 08:00:27:64:6a:84 brd ff:ff:ff:ff:ff:ff
    inet 192.168.100.9/24 brd 192.168.100.255 scope global dynamic noprefixroute enp0s9
       valid_lft 258126sec preferred_lft 258126sec
    inet6 fe80::a00:27ff:fe64:6a84/64 scope link
       valid_lft forever preferred_lft forever
[root@finance ~]# cd /var/www/html/
[root@finance html]# ls
[root@finance html]# vim index.html
[root@finance html]# systemctl restart httpd
[root@finance html]# cd /temp/
-bash: cd: /temp/: No such file or directory
[root@finance html]# cd /tmp/
[root@finance tmp]# wget https://www.tooplate.com/zip-templates/2135_mini_finance.zip
--2024-09-19 09:26:03--  https://www.tooplate.com/zip-templates/2135_mini_finance.zip
Resolving www.tooplate.com (www.tooplate.com)... 72.52.176.250
Connecting to www.tooplate.com (www.tooplate.com)|72.52.176.250|:443... connected.
HTTP request sent, awaiting response... 200 OK
Length: 646518 (631K) [application/zip]
Saving to: ‘2135_mini_finance.zip’

2135_mini_finance.zip     100%[==================================>] 631.37K   618KB/s    in 1.0s

2024-09-19 09:26:06 (618 KB/s) - ‘2135_mini_finance.zip’ saved [646518/646518]

[root@finance tmp]# ls
2135_mini_finance.zip
systemd-private-7671fe496aca484ab7a1f38e8b224019-chronyd.service-8OAeDz
systemd-private-7671fe496aca484ab7a1f38e8b224019-dbus-broker.service-hDhbCv
systemd-private-7671fe496aca484ab7a1f38e8b224019-httpd.service-c3FCci
systemd-private-7671fe496aca484ab7a1f38e8b224019-irqbalance.service-GP8PT3
systemd-private-7671fe496aca484ab7a1f38e8b224019-kdump.service-91lJnD
systemd-private-7671fe496aca484ab7a1f38e8b224019-systemd-logind.service-2LVdDa
[root@finance tmp]# unzip 2135_mini_finance.zip
Archive:  2135_mini_finance.zip
   creating: 2135_mini_finance/
   creating: 2135_mini_finance/css/
  inflating: 2135_mini_finance/css/apexcharts.css
  inflating: 2135_mini_finance/css/bootstrap-icons.css
  inflating: 2135_mini_finance/css/bootstrap.min.css
  inflating: 2135_mini_finance/css/tooplate-mini-finance.css
   creating: 2135_mini_finance/fonts/
  inflating: 2135_mini_finance/fonts/bootstrap-icons.woff
  inflating: 2135_mini_finance/fonts/bootstrap-icons.woff2
  inflating: 2135_mini_finance/help-center.html
   creating: 2135_mini_finance/images/
  inflating: 2135_mini_finance/images/credit-card.png
   creating: 2135_mini_finance/images/flag/
  inflating: 2135_mini_finance/images/flag/australia.png
  inflating: 2135_mini_finance/images/flag/european-union.png
  inflating: 2135_mini_finance/images/flag/singapore.png
  inflating: 2135_mini_finance/images/flag/united-kingdom.png
  inflating: 2135_mini_finance/images/flag/united-states.png
  inflating: 2135_mini_finance/images/medium-shot-happy-man-smiling.jpg
   creating: 2135_mini_finance/images/profile/
  inflating: 2135_mini_finance/images/profile/senior-man-white-sweater-eyeglasses.jpg
  inflating: 2135_mini_finance/images/profile/young-beautiful-woman-pink-warm-sweater.jpg
  inflating: 2135_mini_finance/images/profile/young-woman-with-round-glasses-yellow-sweater.jpg
   creating: 2135_mini_finance/images/social/
  inflating: 2135_mini_finance/images/social/search.png
  inflating: 2135_mini_finance/images/social/snapchat.png
  inflating: 2135_mini_finance/images/social/spotify.png
  inflating: 2135_mini_finance/images/social/telegram.png
  inflating: 2135_mini_finance/images/social/tiktok.png
  inflating: 2135_mini_finance/images/social/youtube.png
  inflating: 2135_mini_finance/index.html
   creating: 2135_mini_finance/js/
  inflating: 2135_mini_finance/js/.DS_Store
  inflating: 2135_mini_finance/js/apexcharts.min.js
  inflating: 2135_mini_finance/js/bootstrap.bundle.min.js
  inflating: 2135_mini_finance/js/custom.js
  inflating: 2135_mini_finance/js/jquery.min.js
  inflating: 2135_mini_finance/profile.html
  inflating: 2135_mini_finance/setting.html
  inflating: 2135_mini_finance/transation-detail.html
  inflating: 2135_mini_finance/wallet.html
  inflating: 2135_mini_finance/ABOUT THIS TEMPLATE.txt
[root@finance tmp]# ls
2135_mini_finance
2135_mini_finance.zip
systemd-private-7671fe496aca484ab7a1f38e8b224019-chronyd.service-8OAeDz
systemd-private-7671fe496aca484ab7a1f38e8b224019-dbus-broker.service-hDhbCv
systemd-private-7671fe496aca484ab7a1f38e8b224019-httpd.service-c3FCci
systemd-private-7671fe496aca484ab7a1f38e8b224019-irqbalance.service-GP8PT3
systemd-private-7671fe496aca484ab7a1f38e8b224019-kdump.service-91lJnD
systemd-private-7671fe496aca484ab7a1f38e8b224019-systemd-logind.service-2LVdDa
[root@finance tmp]# cd 2135_mini_finance
[root@finance 2135_mini_finance]#
[root@finance 2135_mini_finance]# pwd
/tmp/2135_mini_finance
[root@finance 2135_mini_finance]# ls
'ABOUT THIS TEMPLATE.txt'   help-center.html   js             transation-detail.html
 css                        images             profile.html   wallet.html
 fonts                      index.html         setting.html
[root@finance 2135_mini_finance]# cp -r * /var/www/html/
cp: overwrite '/var/www/html/index.html'? y
[root@finance 2135_mini_finance]# ls /var/www/html/
'ABOUT THIS TEMPLATE.txt'   help-center.html   js             transation-detail.html
 css                        images             profile.html   wallet.html
 fonts                      index.html         setting.html
[root@finance 2135_mini_finance]# systemctl restart httpd
[root@finance 2135_mini_finance]# cd
[root@finance ~]#
[root@finance ~]# systemctl status httpd
● httpd.service - The Apache HTTP Server
     Loaded: loaded (/usr/lib/systemd/system/httpd.service; enabled; preset: disabled)
     Active: active (running) since Thu 2024-09-19 09:42:20 UTC; 1min 10s ago
       Docs: man:httpd.service(8)
   Main PID: 6363 (httpd)
     Status: "Total requests: 0; Idle/Busy workers 100/0;Requests/sec: 0; Bytes served/sec:   0 B/se>
      Tasks: 177 (limit: 4672)
     Memory: 45.5M
        CPU: 1.313s
     CGroup: /system.slice/httpd.service
             ├─6363 /usr/sbin/httpd -DFOREGROUND
             ├─6365 /usr/sbin/httpd -DFOREGROUND
             ├─6366 /usr/sbin/httpd -DFOREGROUND
             ├─6367 /usr/sbin/httpd -DFOREGROUND
             └─6368 /usr/sbin/httpd -DFOREGROUND

Sep 19 09:42:20 finance systemd[1]: Starting The Apache HTTP Server...
Sep 19 09:42:20 finance httpd[6363]: AH00558: httpd: Could not reliably determine the server's fully>
Sep 19 09:42:20 finance httpd[6363]: Server configured, listening on: port 80
Sep 19 09:42:20 finance systemd[1]: Started The Apache HTTP Server.
[root@finance ~]# ls /var/www/html/
'ABOUT THIS TEMPLATE.txt'   help-center.html   js             transation-detail.html
 css                        images             profile.html   wallet.html
 fonts                      index.html         setting.html
[root@finance ~]# systemctl status firewalld
○ firewalld.service - firewalld - dynamic firewall daemon
     Loaded: loaded (/usr/lib/systemd/system/firewalld.service; disabled; preset: enabled)
     Active: inactive (dead)
       Docs: man:firewalld(1)
[root@finance ~]# history
    1  vi /etc/hostname
    2  hostname finance
    3  exit
    4  cat /etc/os-release
    5  yum install httpd wget vim unzip zip -y
    6  systemctl start httpd
    7  systemctl enable httpd
    8  ip addr show
    9  cd /var/www/html/
   10  ls
   11  vim index.html
   12  systemctl restart httpd
   13  cd /temp/
   14  cd /tmp/
   15  wget https://www.tooplate.com/zip-templates/2135_mini_finance.zip
   16  ls
   17  unzip 2135_mini_finance.zip
   18  ls
   19  cd 2135_mini_finance
   20  pwd
   21  ls
   22  cp -r * /var/www/html/
   23  ls /var/www/html/
   24  systemctl restart httpd
   25  cd
   26  systemctl status httpd
   27  ls /var/www/html/
   28  systemctl status firewalld
   29  history
[root@finance ~]
